[2025-12-27 23:17:49] [[31merror[39m]: [31mLoginUseCase failed[39m
[31mYour registration is incomplete, please register again.[39m
[31mError: Your registration is incomplete, please register again.[39m
[31m    at LoginUseCase.execute (D:\Projects\BrocamP\Projects\Personal Projects\21. Slotflow\Slotflow-Main-Backend\src\application\useCases\auth\login.useCase.ts:33:49)[39m
[31m    at process.processTicksAndRejections (node:internal/process/task_queues:105:5)[39m
[31m    at async AuthController.login (D:\Projects\BrocamP\Projects\Personal Projects\21. Slotflow\Slotflow-Main-Backend\src\presentation\auth\auth.controller.ts:104:22)[39m
[2025-12-27 23:17:49] [[31merror[39m]: [31mlogin failed[39m
[31mYour registration is incomplete, please register again.[39m
[31mError: Your registration is incomplete, please register again.[39m
[31m    at LoginUseCase.execute (D:\Projects\BrocamP\Projects\Personal Projects\21. Slotflow\Slotflow-Main-Backend\src\application\useCases\auth\login.useCase.ts:33:49)[39m
[31m    at process.processTicksAndRejections (node:internal/process/task_queues:105:5)[39m
[31m    at async AuthController.login (D:\Projects\BrocamP\Projects\Personal Projects\21. Slotflow\Slotflow-Main-Backend\src\presentation\auth\auth.controller.ts:104:22)[39m
[2025-12-28 15:04:41] [[31merror[39m]: [31mSignedUrlService.save failed[39m
[31mfetch failed[39m
[31mTypeError: fetch failed[39m
[31m    at node:internal/deps/undici/undici:13510:13[39m
[31m    at process.processTicksAndRejections (node:internal/process/task_queues:105:5)[39m
[31m    at async HttpClient.request (file:///D:/Projects/BrocamP/Projects/Personal%20Projects/21.%20Slotflow/Slotflow-Main-Backend/node_modules/@upstash/redis/chunk-QZ3IMTW7.mjs:151:15)[39m
[31m    at async Pipeline.exec (file:///D:/Projects/BrocamP/Projects/Personal%20Projects/21.%20Slotflow/Slotflow-Main-Backend/node_modules/@upstash/redis/chunk-QZ3IMTW7.mjs:2393:17)[39m
[31m    at async AutoPipelineExecutor.withAutoPipeline (file:///D:/Projects/BrocamP/Projects/Personal%20Projects/21.%20Slotflow/Slotflow-Main-Backend/node_modules/@upstash/redis/chunk-QZ3IMTW7.mjs:3273:21)[39m
[31m    at async SignedUrlServiceImpl.save (D:\Projects\BrocamP\Projects\Personal Projects\21. Slotflow\Slotflow-Main-Backend\src\infrastructure\services\signedUrlService.impl.ts:76:13)[39m
[31m    at async LoginUseCase.execute (D:\Projects\BrocamP\Projects\Personal Projects\21. Slotflow\Slotflow-Main-Backend\src\application\useCases\auth\login.useCase.ts:43:45)[39m
[31m    at async AuthController.login (D:\Projects\BrocamP\Projects\Personal Projects\21. Slotflow\Slotflow-Main-Backend\src\presentation\auth\auth.controller.ts:104:22)[39m
[2025-12-28 15:04:41] [[31merror[39m]: [31mLoginUseCase failed[39m
[31mFailed to save signed url[39m
[31mError: Failed to save signed url[39m
[31m    at SignedUrlServiceImpl.save (D:\Projects\BrocamP\Projects\Personal Projects\21. Slotflow\Slotflow-Main-Backend\src\infrastructure\services\signedUrlService.impl.ts:86:19)[39m
[31m    at process.processTicksAndRejections (node:internal/process/task_queues:105:5)[39m
[31m    at async LoginUseCase.execute (D:\Projects\BrocamP\Projects\Personal Projects\21. Slotflow\Slotflow-Main-Backend\src\application\useCases\auth\login.useCase.ts:43:45)[39m
[31m    at async AuthController.login (D:\Projects\BrocamP\Projects\Personal Projects\21. Slotflow\Slotflow-Main-Backend\src\presentation\auth\auth.controller.ts:104:22)[39m
[2025-12-28 15:04:41] [[31merror[39m]: [31mlogin failed[39m
[31mFailed to save signed url[39m
[31mError: Failed to save signed url[39m
[31m    at SignedUrlServiceImpl.save (D:\Projects\BrocamP\Projects\Personal Projects\21. Slotflow\Slotflow-Main-Backend\src\infrastructure\services\signedUrlService.impl.ts:86:19)[39m
[31m    at process.processTicksAndRejections (node:internal/process/task_queues:105:5)[39m
[31m    at async LoginUseCase.execute (D:\Projects\BrocamP\Projects\Personal Projects\21. Slotflow\Slotflow-Main-Backend\src\application\useCases\auth\login.useCase.ts:43:45)[39m
[31m    at async AuthController.login (D:\Projects\BrocamP\Projects\Personal Projects\21. Slotflow\Slotflow-Main-Backend\src\presentation\auth\auth.controller.ts:104:22)[39m
[2025-12-28 16:03:05] [[31merror[39m]: [31mFethGoogleCalendarUseCase failed[39m
[31mCredential not found[39m
[31mError: Credential not found[39m
[31m    at FethGoogleCalendarUseCase.execute (D:\Projects\BrocamP\Projects\Personal Projects\21. Slotflow\Slotflow-Main-Backend\src\application\useCases\common\fetchGoogleCalendar.useCase.ts:18:19)[39m
[31m    at process.processTicksAndRejections (node:internal/process/task_queues:105:5)[39m
[31m    at async GoogleController.getUserEvents (D:\Projects\BrocamP\Projects\Personal Projects\21. Slotflow\Slotflow-Main-Backend\src\presentation\google\google.controller.ts:32:28)[39m
[2025-12-28 16:03:05] [[31merror[39m]: [31mgetUserEvents failed[39m
[31mCalendar events fetching failed[39m
[31mError: Calendar events fetching failed[39m
[31m    at FethGoogleCalendarUseCase.execute (D:\Projects\BrocamP\Projects\Personal Projects\21. Slotflow\Slotflow-Main-Backend\src\application\useCases\common\fetchGoogleCalendar.useCase.ts:44:19)[39m
[31m    at process.processTicksAndRejections (node:internal/process/task_queues:105:5)[39m
[31m    at async GoogleController.getUserEvents (D:\Projects\BrocamP\Projects\Personal Projects\21. Slotflow\Slotflow-Main-Backend\src\presentation\google\google.controller.ts:32:28)[39m
[2025-12-28 16:03:06] [[31merror[39m]: [31mFethGoogleCalendarUseCase failed[39m
[31mCredential not found[39m
[31mError: Credential not found[39m
[31m    at FethGoogleCalendarUseCase.execute (D:\Projects\BrocamP\Projects\Personal Projects\21. Slotflow\Slotflow-Main-Backend\src\application\useCases\common\fetchGoogleCalendar.useCase.ts:18:19)[39m
[31m    at process.processTicksAndRejections (node:internal/process/task_queues:105:5)[39m
[31m    at async GoogleController.getUserEvents (D:\Projects\BrocamP\Projects\Personal Projects\21. Slotflow\Slotflow-Main-Backend\src\presentation\google\google.controller.ts:32:28)[39m
[2025-12-28 16:03:06] [[31merror[39m]: [31mgetUserEvents failed[39m
[31mCalendar events fetching failed[39m
[31mError: Calendar events fetching failed[39m
[31m    at FethGoogleCalendarUseCase.execute (D:\Projects\BrocamP\Projects\Personal Projects\21. Slotflow\Slotflow-Main-Backend\src\application\useCases\common\fetchGoogleCalendar.useCase.ts:44:19)[39m
[31m    at process.processTicksAndRejections (node:internal/process/task_queues:105:5)[39m
[31m    at async GoogleController.getUserEvents (D:\Projects\BrocamP\Projects\Personal Projects\21. Slotflow\Slotflow-Main-Backend\src\presentation\google\google.controller.ts:32:28)[39m
[2025-12-28 20:29:51] [[31merror[39m]: [31mFetchProviderProofsUseCase failed[39m
[31mthis.signedUrlService.generate is not a function[39m
[31mTypeError: this.signedUrlService.generate is not a function[39m
[31m    at FetchProviderProofsUseCase.execute (D:\Projects\BrocamP\Projects\Personal Projects\21. Slotflow\Slotflow-Main-Backend\src\application\useCases\common\fetchProviderProofs.useCase.ts:23:70)[39m
[31m    at process.processTicksAndRejections (node:internal/process/task_queues:105:5)[39m
[31m    at async AdminProviderController.fetchProviderProofs (D:\Projects\BrocamP\Projects\Personal Projects\21. Slotflow\Slotflow-Main-Backend\src\presentation\admin\adminProvider.controller.ts:228:28)[39m
[2025-12-28 20:29:51] [[31merror[39m]: [31mfetchProviderProofs failed[39m
[31mthis.signedUrlService.generate is not a function[39m
[31mTypeError: this.signedUrlService.generate is not a function[39m
[31m    at FetchProviderProofsUseCase.execute (D:\Projects\BrocamP\Projects\Personal Projects\21. Slotflow\Slotflow-Main-Backend\src\application\useCases\common\fetchProviderProofs.useCase.ts:23:70)[39m
[31m    at process.processTicksAndRejections (node:internal/process/task_queues:105:5)[39m
[31m    at async AdminProviderController.fetchProviderProofs (D:\Projects\BrocamP\Projects\Personal Projects\21. Slotflow\Slotflow-Main-Backend\src\presentation\admin\adminProvider.controller.ts:228:28)[39m
[2025-12-28 20:29:52] [[31merror[39m]: [31mFetchProviderProofsUseCase failed[39m
[31mthis.signedUrlService.generate is not a function[39m
[31mTypeError: this.signedUrlService.generate is not a function[39m
[31m    at FetchProviderProofsUseCase.execute (D:\Projects\BrocamP\Projects\Personal Projects\21. Slotflow\Slotflow-Main-Backend\src\application\useCases\common\fetchProviderProofs.useCase.ts:23:70)[39m
[31m    at process.processTicksAndRejections (node:internal/process/task_queues:105:5)[39m
[31m    at async AdminProviderController.fetchProviderProofs (D:\Projects\BrocamP\Projects\Personal Projects\21. Slotflow\Slotflow-Main-Backend\src\presentation\admin\adminProvider.controller.ts:228:28)[39m
[2025-12-28 20:29:52] [[31merror[39m]: [31mfetchProviderProofs failed[39m
[31mthis.signedUrlService.generate is not a function[39m
[31mTypeError: this.signedUrlService.generate is not a function[39m
[31m    at FetchProviderProofsUseCase.execute (D:\Projects\BrocamP\Projects\Personal Projects\21. Slotflow\Slotflow-Main-Backend\src\application\useCases\common\fetchProviderProofs.useCase.ts:23:70)[39m
[31m    at process.processTicksAndRejections (node:internal/process/task_queues:105:5)[39m
[31m    at async AdminProviderController.fetchProviderProofs (D:\Projects\BrocamP\Projects\Personal Projects\21. Slotflow\Slotflow-Main-Backend\src\presentation\admin\adminProvider.controller.ts:228:28)[39m
[2025-12-28 20:29:54] [[31merror[39m]: [31mFetchProviderProofsUseCase failed[39m
[31mthis.signedUrlService.generate is not a function[39m
[31mTypeError: this.signedUrlService.generate is not a function[39m
[31m    at FetchProviderProofsUseCase.execute (D:\Projects\BrocamP\Projects\Personal Projects\21. Slotflow\Slotflow-Main-Backend\src\application\useCases\common\fetchProviderProofs.useCase.ts:23:70)[39m
[31m    at process.processTicksAndRejections (node:internal/process/task_queues:105:5)[39m
[31m    at async AdminProviderController.fetchProviderProofs (D:\Projects\BrocamP\Projects\Personal Projects\21. Slotflow\Slotflow-Main-Backend\src\presentation\admin\adminProvider.controller.ts:228:28)[39m
[2025-12-28 20:29:54] [[31merror[39m]: [31mfetchProviderProofs failed[39m
[31mthis.signedUrlService.generate is not a function[39m
[31mTypeError: this.signedUrlService.generate is not a function[39m
[31m    at FetchProviderProofsUseCase.execute (D:\Projects\BrocamP\Projects\Personal Projects\21. Slotflow\Slotflow-Main-Backend\src\application\useCases\common\fetchProviderProofs.useCase.ts:23:70)[39m
[31m    at process.processTicksAndRejections (node:internal/process/task_queues:105:5)[39m
[31m    at async AdminProviderController.fetchProviderProofs (D:\Projects\BrocamP\Projects\Personal Projects\21. Slotflow\Slotflow-Main-Backend\src\presentation\admin\adminProvider.controller.ts:228:28)[39m
[2025-12-28 20:29:58] [[31merror[39m]: [31mFetchProviderProofsUseCase failed[39m
[31mthis.signedUrlService.generate is not a function[39m
[31mTypeError: this.signedUrlService.generate is not a function[39m
[31m    at FetchProviderProofsUseCase.execute (D:\Projects\BrocamP\Projects\Personal Projects\21. Slotflow\Slotflow-Main-Backend\src\application\useCases\common\fetchProviderProofs.useCase.ts:23:70)[39m
[31m    at process.processTicksAndRejections (node:internal/process/task_queues:105:5)[39m
[31m    at async AdminProviderController.fetchProviderProofs (D:\Projects\BrocamP\Projects\Personal Projects\21. Slotflow\Slotflow-Main-Backend\src\presentation\admin\adminProvider.controller.ts:228:28)[39m
[2025-12-28 20:29:58] [[31merror[39m]: [31mfetchProviderProofs failed[39m
[31mthis.signedUrlService.generate is not a function[39m
[31mTypeError: this.signedUrlService.generate is not a function[39m
[31m    at FetchProviderProofsUseCase.execute (D:\Projects\BrocamP\Projects\Personal Projects\21. Slotflow\Slotflow-Main-Backend\src\application\useCases\common\fetchProviderProofs.useCase.ts:23:70)[39m
[31m    at process.processTicksAndRejections (node:internal/process/task_queues:105:5)[39m
[31m    at async AdminProviderController.fetchProviderProofs (D:\Projects\BrocamP\Projects\Personal Projects\21. Slotflow\Slotflow-Main-Backend\src\presentation\admin\adminProvider.controller.ts:228:28)[39m
[2025-12-28 20:46:04] [[31merror[39m]: [31mAdminCreatePlanUseCase failed[39m
[31mPlan with same price already exists.[39m
[31mError: Plan with same price already exists.[39m
[31m    at AdminCreatePlanUseCase.execute (D:\Projects\BrocamP\Projects\Personal Projects\21. Slotflow\Slotflow-Main-Backend\src\application\useCases\admin\adminPlan.useCase.ts:56:37)[39m
[31m    at process.processTicksAndRejections (node:internal/process/task_queues:105:5)[39m
[31m    at async AdminPlanController.createNewPlan (D:\Projects\BrocamP\Projects\Personal Projects\21. Slotflow\Slotflow-Main-Backend\src\presentation\admin\adminPlan.controller.ts:41:13)[39m
[2025-12-28 20:46:04] [[31merror[39m]: [31mcreateNewPlan failed[39m
[31mPlan with same price already exists.[39m
[31mError: Plan with same price already exists.[39m
[31m    at AdminCreatePlanUseCase.execute (D:\Projects\BrocamP\Projects\Personal Projects\21. Slotflow\Slotflow-Main-Backend\src\application\useCases\admin\adminPlan.useCase.ts:56:37)[39m
[31m    at process.processTicksAndRejections (node:internal/process/task_queues:105:5)[39m
[31m    at async AdminPlanController.createNewPlan (D:\Projects\BrocamP\Projects\Personal Projects\21. Slotflow\Slotflow-Main-Backend\src\presentation\admin\adminPlan.controller.ts:41:13)[39m
[2025-12-28 20:47:14] [[31merror[39m]: [31mAdminCreatePlanUseCase failed[39m
[31mPlan with same price already exists.[39m
[31mError: Plan with same price already exists.[39m
[31m    at AdminCreatePlanUseCase.execute (D:\Projects\BrocamP\Projects\Personal Projects\21. Slotflow\Slotflow-Main-Backend\src\application\useCases\admin\adminPlan.useCase.ts:56:37)[39m
[31m    at process.processTicksAndRejections (node:internal/process/task_queues:105:5)[39m
[31m    at async AdminPlanController.createNewPlan (D:\Projects\BrocamP\Projects\Personal Projects\21. Slotflow\Slotflow-Main-Backend\src\presentation\admin\adminPlan.controller.ts:41:13)[39m
[2025-12-28 20:47:14] [[31merror[39m]: [31mcreateNewPlan failed[39m
[31mPlan with same price already exists.[39m
[31mError: Plan with same price already exists.[39m
[31m    at AdminCreatePlanUseCase.execute (D:\Projects\BrocamP\Projects\Personal Projects\21. Slotflow\Slotflow-Main-Backend\src\application\useCases\admin\adminPlan.useCase.ts:56:37)[39m
[31m    at process.processTicksAndRejections (node:internal/process/task_queues:105:5)[39m
[31m    at async AdminPlanController.createNewPlan (D:\Projects\BrocamP\Projects\Personal Projects\21. Slotflow\Slotflow-Main-Backend\src\presentation\admin\adminPlan.controller.ts:41:13)[39m
[2025-12-28 20:51:57] [[31merror[39m]: [31mAdminCreatePlanUseCase failed[39m
[31mPlan with same price already exists.[39m
[31mError: Plan with same price already exists.[39m
[31m    at AdminCreatePlanUseCase.execute (D:\Projects\BrocamP\Projects\Personal Projects\21. Slotflow\Slotflow-Main-Backend\src\application\useCases\admin\adminPlan.useCase.ts:56:37)[39m
[31m    at process.processTicksAndRejections (node:internal/process/task_queues:105:5)[39m
[31m    at async AdminPlanController.createNewPlan (D:\Projects\BrocamP\Projects\Personal Projects\21. Slotflow\Slotflow-Main-Backend\src\presentation\admin\adminPlan.controller.ts:41:13)[39m
[2025-12-28 20:51:57] [[31merror[39m]: [31mcreateNewPlan failed[39m
[31mPlan with same price already exists.[39m
[31mError: Plan with same price already exists.[39m
[31m    at AdminCreatePlanUseCase.execute (D:\Projects\BrocamP\Projects\Personal Projects\21. Slotflow\Slotflow-Main-Backend\src\application\useCases\admin\adminPlan.useCase.ts:56:37)[39m
[31m    at process.processTicksAndRejections (node:internal/process/task_queues:105:5)[39m
[31m    at async AdminPlanController.createNewPlan (D:\Projects\BrocamP\Projects\Personal Projects\21. Slotflow\Slotflow-Main-Backend\src\presentation\admin\adminPlan.controller.ts:41:13)[39m
[2025-12-28 21:02:48] [[31merror[39m]: [31mLoginUseCase failed[39m
[31mYour registration is incomplete, please register again.[39m
[31mError: Your registration is incomplete, please register again.[39m
[31m    at LoginUseCase.execute (D:\Projects\BrocamP\Projects\Personal Projects\21. Slotflow\Slotflow-Main-Backend\src\application\useCases\auth\login.useCase.ts:64:53)[39m
[31m    at process.processTicksAndRejections (node:internal/process/task_queues:105:5)[39m
[31m    at async AuthController.login (D:\Projects\BrocamP\Projects\Personal Projects\21. Slotflow\Slotflow-Main-Backend\src\presentation\auth\auth.controller.ts:104:22)[39m
[2025-12-28 21:02:48] [[31merror[39m]: [31mlogin failed[39m
[31mYour registration is incomplete, please register again.[39m
[31mError: Your registration is incomplete, please register again.[39m
[31m    at LoginUseCase.execute (D:\Projects\BrocamP\Projects\Personal Projects\21. Slotflow\Slotflow-Main-Backend\src\application\useCases\auth\login.useCase.ts:64:53)[39m
[31m    at process.processTicksAndRejections (node:internal/process/task_queues:105:5)[39m
[31m    at async AuthController.login (D:\Projects\BrocamP\Projects\Personal Projects\21. Slotflow\Slotflow-Main-Backend\src\presentation\auth\auth.controller.ts:104:22)[39m
[2025-12-28 21:08:20] [[31merror[39m]: [31mcreateServiceAvailability failed[39m
[31m[[39m
[31m  {[39m
[31m    "received": "online",[39m
[31m    "code": "invalid_enum_value",[39m
[31m    "options": [[39m
[31m      "Online",[39m
[31m      "Offline",[39m
[31m      "Both"[39m
[31m    ],[39m
[31m    "path": [[39m
[31m      0,[39m
[31m      "modes",[39m
[31m      0[39m
[31m    ],[39m
[31m    "message": "Invalid enum value. Expected 'Online' | 'Offline' | 'Both', received 'online'"[39m
[31m  },[39m
[31m  {[39m
[31m    "received": "offline",[39m
[31m    "code": "invalid_enum_value",[39m
[31m    "options": [[39m
[31m      "Online",[39m
[31m      "Offline",[39m
[31m      "Both"[39m
[31m    ],[39m
[31m    "path": [[39m
[31m      0,[39m
[31m      "modes",[39m
[31m      1[39m
[31m    ],[39m
[31m    "message": "Invalid enum value. Expected 'Online' | 'Offline' | 'Both', received 'offline'"[39m
[31m  },[39m
[31m  {[39m
[31m    "received": "offline",[39m
[31m    "code": "invalid_enum_value",[39m
[31m    "options": [[39m
[31m      "Online",[39m
[31m      "Offline",[39m
[31m      "Both"[39m
[31m    ],[39m
[31m    "path": [[39m
[31m      1,[39m
[31m      "modes",[39m
[31m      0[39m
[31m    ],[39m
[31m    "message": "Invalid enum value. Expected 'Online' | 'Offline' | 'Both', received 'offline'"[39m
[31m  },[39m
[31m  {[39m
[31m    "received": "offline",[39m
[31m    "code": "invalid_enum_value",[39m
[31m    "options": [[39m
[31m      "Online",[39m
[31m      "Offline",[39m
[31m      "Both"[39m
[31m    ],[39m
[31m    "path": [[39m
[31m      2,[39m
[31m      "modes",[39m
[31m      0[39m
[31m    ],[39m
[31m    "message": "Invalid enum value. Expected 'Online' | 'Offline' | 'Both', received 'offline'"[39m
[31m  },[39m
[31m  {[39m
[31m    "received": "offline",[39m
[31m    "code": "invalid_enum_value",[39m
[31m    "options": [[39m
[31m      "Online",[39m
[31m      "Offline",[39m
[31m      "Both"[39m
[31m    ],[39m
[31m    "path": [[39m
[31m      3,[39m
[31m      "modes",[39m
[31m      0[39m
[31m    ],[39m
[31m    "message": "Invalid enum value. Expected 'Online' | 'Offline' | 'Both', received 'offline'"[39m
[31m  },[39m
[31m  {[39m
[31m    "received": "offline",[39m
[31m    "code": "invalid_enum_value",[39m
[31m    "options": [[39m
[31m      "Online",[39m
[31m      "Offline",[39m
[31m      "Both"[39m
[31m    ],[39m
[31m    "path": [[39m
[31m      4,[39m
[31m      "modes",[39m
[31m      0[39m
[31m    ],[39m
[31m    "message": "Invalid enum value. Expected 'Online' | 'Offline' | 'Both', received 'offline'"[39m
[31m  }[39m
[31m][39m
[31mZodError: [[39m
[31m  {[39m
[31m    "received": "online",[39m
[31m    "code": "invalid_enum_value",[39m
[31m    "options": [[39m
[31m      "Online",[39m
[31m      "Offline",[39m
[31m      "Both"[39m
[31m    ],[39m
[31m    "path": [[39m
[31m      0,[39m
[31m      "modes",[39m
[31m      0[39m
[31m    ],[39m
[31m    "message": "Invalid enum value. Expected 'Online' | 'Offline' | 'Both', received 'online'"[39m
[31m  },[39m
[31m  {[39m
[31m    "received": "offline",[39m
[31m    "code": "invalid_enum_value",[39m
[31m    "options": [[39m
[31m      "Online",[39m
[31m      "Offline",[39m
[31m      "Both"[39m
[31m    ],[39m
[31m    "path": [[39m
[31m      0,[39m
[31m      "modes",[39m
[31m      1[39m
[31m    ],[39m
[31m    "message": "Invalid enum value. Expected 'Online' | 'Offline' | 'Both', received 'offline'"[39m
[31m  },[39m
[31m  {[39m
[31m    "received": "offline",[39m
[31m    "code": "invalid_enum_value",[39m
[31m    "options": [[39m
[31m      "Online",[39m
[31m      "Offline",[39m
[31m      "Both"[39m
[31m    ],[39m
[31m    "path": [[39m
[31m      1,[39m
[31m      "modes",[39m
[31m      0[39m
[31m    ],[39m
[31m    "message": "Invalid enum value. Expected 'Online' | 'Offline' | 'Both', received 'offline'"[39m
[31m  },[39m
[31m  {[39m
[31m    "received": "offline",[39m
[31m    "code": "invalid_enum_value",[39m
[31m    "options": [[39m
[31m      "Online",[39m
[31m      "Offline",[39m
[31m      "Both"[39m
[31m    ],[39m
[31m    "path": [[39m
[31m      2,[39m
[31m      "modes",[39m
[31m      0[39m
[31m    ],[39m
[31m    "message": "Invalid enum value. Expected 'Online' | 'Offline' | 'Both', received 'offline'"[39m
[31m  },[39m
[31m  {[39m
[31m    "received": "offline",[39m
[31m    "code": "invalid_enum_value",[39m
[31m    "options": [[39m
[31m      "Online",[39m
[31m      "Offline",[39m
[31m      "Both"[39m
[31m    ],[39m
[31m    "path": [[39m
[31m      3,[39m
[31m      "modes",[39m
[31m      0[39m
[31m    ],[39m
[31m    "message": "Invalid enum value. Expected 'Online' | 'Offline' | 'Both', received 'offline'"[39m
[31m  },[39m
[31m  {[39m
[31m    "received": "offline",[39m
[31m    "code": "invalid_enum_value",[39m
[31m    "options": [[39m
[31m      "Online",[39m
[31m      "Offline",[39m
[31m      "Both"[39m
[31m    ],[39m
[31m    "path": [[39m
[31m      4,[39m
[31m      "modes",[39m
[31m      0[39m
[31m    ],[39m
[31m    "message": "Invalid enum value. Expected 'Online' | 'Offline' | 'Both', received 'offline'"[39m
[31m  }[39m
[31m][39m
[31m    at get error (file:///D:/Projects/BrocamP/Projects/Personal%20Projects/21.%20Slotflow/Slotflow-Main-Backend/node_modules/zod/lib/index.mjs:587:31)[39m
[31m    at ZodArray.parse (file:///D:/Projects/BrocamP/Projects/Personal%20Projects/21.%20Slotflow/Slotflow-Main-Backend/node_modules/zod/lib/index.mjs:663:22)[39m
[31m    at ProviderServiceAvailabilityController.createServiceAvailability (D:\Projects\BrocamP\Projects\Personal Projects\21. Slotflow\Slotflow-Main-Backend\src\presentation\provider\providerServiceAvailability.controller.ts:34:79)[39m
[31m    at Layer.handle [as handle_request] (D:\Projects\BrocamP\Projects\Personal Projects\21. Slotflow\Slotflow-Main-Backend\node_modules\express\lib\router\layer.js:95:5)[39m
[31m    at next (D:\Projects\BrocamP\Projects\Personal Projects\21. Slotflow\Slotflow-Main-Backend\node_modules\express\lib\router\route.js:149:13)[39m
[31m    at authMiddleware (D:\Projects\BrocamP\Projects\Personal Projects\21. Slotflow\Slotflow-Main-Backend\src\presentation\middleware\auth.middleware.ts:69:5)[39m
[31m    at process.processTicksAndRejections (node:internal/process/task_queues:105:5)[39m
[2025-12-28 21:10:37] [[31merror[39m]: [31mcreateServiceAvailability failed[39m
[31m[[39m
[31m  {[39m
[31m    "received": "online",[39m
[31m    "code": "invalid_enum_value",[39m
[31m    "options": [[39m
[31m      "Online",[39m
[31m      "Offline",[39m
[31m      "Both"[39m
[31m    ],[39m
[31m    "path": [[39m
[31m      0,[39m
[31m      "modes",[39m
[31m      0[39m
[31m    ],[39m
[31m    "message": "Invalid enum value. Expected 'Online' | 'Offline' | 'Both', received 'online'"[39m
[31m  },[39m
[31m  {[39m
[31m    "received": "offline",[39m
[31m    "code": "invalid_enum_value",[39m
[31m    "options": [[39m
[31m      "Online",[39m
[31m      "Offline",[39m
[31m      "Both"[39m
[31m    ],[39m
[31m    "path": [[39m
[31m      0,[39m
[31m      "modes",[39m
[31m      1[39m
[31m    ],[39m
[31m    "message": "Invalid enum value. Expected 'Online' | 'Offline' | 'Both', received 'offline'"[39m
[31m  },[39m
[31m  {[39m
[31m    "received": "offline",[39m
[31m    "code": "invalid_enum_value",[39m
[31m    "options": [[39m
[31m      "Online",[39m
[31m      "Offline",[39m
[31m      "Both"[39m
[31m    ],[39m
[31m    "path": [[39m
[31m      1,[39m
[31m      "modes",[39m
[31m      0[39m
[31m    ],[39m
[31m    "message": "Invalid enum value. Expected 'Online' | 'Offline' | 'Both', received 'offline'"[39m
[31m  },[39m
[31m  {[39m
[31m    "received": "offline",[39m
[31m    "code": "invalid_enum_value",[39m
[31m    "options": [[39m
[31m      "Online",[39m
[31m      "Offline",[39m
[31m      "Both"[39m
[31m    ],[39m
[31m    "path": [[39m
[31m      2,[39m
[31m      "modes",[39m
[31m      0[39m
[31m    ],[39m
[31m    "message": "Invalid enum value. Expected 'Online' | 'Offline' | 'Both', received 'offline'"[39m
[31m  },[39m
[31m  {[39m
[31m    "received": "offline",[39m
[31m    "code": "invalid_enum_value",[39m
[31m    "options": [[39m
[31m      "Online",[39m
[31m      "Offline",[39m
[31m      "Both"[39m
[31m    ],[39m
[31m    "path": [[39m
[31m      3,[39m
[31m      "modes",[39m
[31m      0[39m
[31m    ],[39m
[31m    "message": "Invalid enum value. Expected 'Online' | 'Offline' | 'Both', received 'offline'"[39m
[31m  },[39m
[31m  {[39m
[31m    "received": "offline",[39m
[31m    "code": "invalid_enum_value",[39m
[31m    "options": [[39m
[31m      "Online",[39m
[31m      "Offline",[39m
[31m      "Both"[39m
[31m    ],[39m
[31m    "path": [[39m
[31m      4,[39m
[31m      "modes",[39m
[31m      0[39m
[31m    ],[39m
[31m    "message": "Invalid enum value. Expected 'Online' | 'Offline' | 'Both', received 'offline'"[39m
[31m  }[39m
[31m][39m
[31mZodError: [[39m
[31m  {[39m
[31m    "received": "online",[39m
[31m    "code": "invalid_enum_value",[39m
[31m    "options": [[39m
[31m      "Online",[39m
[31m      "Offline",[39m
[31m      "Both"[39m
[31m    ],[39m
[31m    "path": [[39m
[31m      0,[39m
[31m      "modes",[39m
[31m      0[39m
[31m    ],[39m
[31m    "message": "Invalid enum value. Expected 'Online' | 'Offline' | 'Both', received 'online'"[39m
[31m  },[39m
[31m  {[39m
[31m    "received": "offline",[39m
[31m    "code": "invalid_enum_value",[39m
[31m    "options": [[39m
[31m      "Online",[39m
[31m      "Offline",[39m
[31m      "Both"[39m
[31m    ],[39m
[31m    "path": [[39m
[31m      0,[39m
[31m      "modes",[39m
[31m      1[39m
[31m    ],[39m
[31m    "message": "Invalid enum value. Expected 'Online' | 'Offline' | 'Both', received 'offline'"[39m
[31m  },[39m
[31m  {[39m
[31m    "received": "offline",[39m
[31m    "code": "invalid_enum_value",[39m
[31m    "options": [[39m
[31m      "Online",[39m
[31m      "Offline",[39m
[31m      "Both"[39m
[31m    ],[39m
[31m    "path": [[39m
[31m      1,[39m
[31m      "modes",[39m
[31m      0[39m
[31m    ],[39m
[31m    "message": "Invalid enum value. Expected 'Online' | 'Offline' | 'Both', received 'offline'"[39m
[31m  },[39m
[31m  {[39m
[31m    "received": "offline",[39m
[31m    "code": "invalid_enum_value",[39m
[31m    "options": [[39m
[31m      "Online",[39m
[31m      "Offline",[39m
[31m      "Both"[39m
[31m    ],[39m
[31m    "path": [[39m
[31m      2,[39m
[31m      "modes",[39m
[31m      0[39m
[31m    ],[39m
[31m    "message": "Invalid enum value. Expected 'Online' | 'Offline' | 'Both', received 'offline'"[39m
[31m  },[39m
[31m  {[39m
[31m    "received": "offline",[39m
[31m    "code": "invalid_enum_value",[39m
[31m    "options": [[39m
[31m      "Online",[39m
[31m      "Offline",[39m
[31m      "Both"[39m
[31m    ],[39m
[31m    "path": [[39m
[31m      3,[39m
[31m      "modes",[39m
[31m      0[39m
[31m    ],[39m
[31m    "message": "Invalid enum value. Expected 'Online' | 'Offline' | 'Both', received 'offline'"[39m
[31m  },[39m
[31m  {[39m
[31m    "received": "offline",[39m
[31m    "code": "invalid_enum_value",[39m
[31m    "options": [[39m
[31m      "Online",[39m
[31m      "Offline",[39m
[31m      "Both"[39m
[31m    ],[39m
[31m    "path": [[39m
[31m      4,[39m
[31m      "modes",[39m
[31m      0[39m
[31m    ],[39m
[31m    "message": "Invalid enum value. Expected 'Online' | 'Offline' | 'Both', received 'offline'"[39m
[31m  }[39m
[31m][39m
[31m    at get error (file:///D:/Projects/BrocamP/Projects/Personal%20Projects/21.%20Slotflow/Slotflow-Main-Backend/node_modules/zod/lib/index.mjs:587:31)[39m
[31m    at ZodArray.parse (file:///D:/Projects/BrocamP/Projects/Personal%20Projects/21.%20Slotflow/Slotflow-Main-Backend/node_modules/zod/lib/index.mjs:663:22)[39m
[31m    at ProviderServiceAvailabilityController.createServiceAvailability (D:\Projects\BrocamP\Projects\Personal Projects\21. Slotflow\Slotflow-Main-Backend\src\presentation\provider\providerServiceAvailability.controller.ts:34:79)[39m
[31m    at Layer.handle [as handle_request] (D:\Projects\BrocamP\Projects\Personal Projects\21. Slotflow\Slotflow-Main-Backend\node_modules\express\lib\router\layer.js:95:5)[39m
[31m    at next (D:\Projects\BrocamP\Projects\Personal Projects\21. Slotflow\Slotflow-Main-Backend\node_modules\express\lib\router\route.js:149:13)[39m
[31m    at authMiddleware (D:\Projects\BrocamP\Projects\Personal Projects\21. Slotflow\Slotflow-Main-Backend\src\presentation\middleware\auth.middleware.ts:69:5)[39m
[31m    at process.processTicksAndRejections (node:internal/process/task_queues:105:5)[39m
[2025-12-28 22:32:54] [[31merror[39m]: [31mUpdateBookingStatusCronUseCase failed[39m
[31mconnect ECONNREFUSED ::1:27017, connect ECONNREFUSED 127.0.0.1:27017[39m
[31mMongoServerSelectionError: connect ECONNREFUSED ::1:27017, connect ECONNREFUSED 127.0.0.1:27017[39m
[31m    at Topology.selectServer (D:\Projects\BrocamP\Projects\Personal Projects\21. Slotflow\Slotflow-Main-Backend\node_modules\mongodb\src\sdam\topology.ts:626:30)[39m
[31m    at runNextTicks (node:internal/process/task_queues:65:5)[39m
[31m    at listOnTimeout (node:internal/timers:549:9)[39m
[31m    at process.processTimers (node:internal/timers:523:7)[39m
[31m    at async tryOperation (D:\Projects\BrocamP\Projects\Personal Projects\21. Slotflow\Slotflow-Main-Backend\node_modules\mongodb\src\operations\execute_operation.ts:201:16)[39m
[31m    at async executeOperation (D:\Projects\BrocamP\Projects\Personal Projects\21. Slotflow\Slotflow-Main-Backend\node_modules\mongodb\src\operations\execute_operation.ts:115:12)[39m
[31m    at async Collection.updateMany (D:\Projects\BrocamP\Projects\Personal Projects\21. Slotflow\Slotflow-Main-Backend\node_modules\mongodb\src\collection.ts:420:12)[39m
[31m    at async model.Query.exec (D:\Projects\BrocamP\Projects\Personal Projects\21. Slotflow\Slotflow-Main-Backend\node_modules\mongoose\lib\query.js:4456:63)[39m
[31m    at async BookingQueriesImpl.findTodaysBookingsForCronjob (D:\Projects\BrocamP\Projects\Personal Projects\21. Slotflow\Slotflow-Main-Backend\src\infrastructure\queries\bookingQueries.impl.ts:508:26)[39m
[31m    at async UpdateBookingStatusCronUseCase.execute (D:\Projects\BrocamP\Projects\Personal Projects\21. Slotflow\Slotflow-Main-Backend\src\application\useCases\cronJob\updateBookingStatus.useCase.ts:11:45)[39m
[2025-12-28 22:32:54] [[31merror[39m]: [31m[INTERVAL ERROR in booking status update]:[39m
[31mconnect ECONNREFUSED ::1:27017, connect ECONNREFUSED 127.0.0.1:27017[39m
[31mMongoServerSelectionError: connect ECONNREFUSED ::1:27017, connect ECONNREFUSED 127.0.0.1:27017[39m
[31m    at Topology.selectServer (D:\Projects\BrocamP\Projects\Personal Projects\21. Slotflow\Slotflow-Main-Backend\node_modules\mongodb\src\sdam\topology.ts:626:30)[39m
[31m    at runNextTicks (node:internal/process/task_queues:65:5)[39m
[31m    at listOnTimeout (node:internal/timers:549:9)[39m
[31m    at process.processTimers (node:internal/timers:523:7)[39m
[31m    at async tryOperation (D:\Projects\BrocamP\Projects\Personal Projects\21. Slotflow\Slotflow-Main-Backend\node_modules\mongodb\src\operations\execute_operation.ts:201:16)[39m
[31m    at async executeOperation (D:\Projects\BrocamP\Projects\Personal Projects\21. Slotflow\Slotflow-Main-Backend\node_modules\mongodb\src\operations\execute_operation.ts:115:12)[39m
[31m    at async Collection.updateMany (D:\Projects\BrocamP\Projects\Personal Projects\21. Slotflow\Slotflow-Main-Backend\node_modules\mongodb\src\collection.ts:420:12)[39m
[31m    at async model.Query.exec (D:\Projects\BrocamP\Projects\Personal Projects\21. Slotflow\Slotflow-Main-Backend\node_modules\mongoose\lib\query.js:4456:63)[39m
[31m    at async BookingQueriesImpl.findTodaysBookingsForCronjob (D:\Projects\BrocamP\Projects\Personal Projects\21. Slotflow\Slotflow-Main-Backend\src\infrastructure\queries\bookingQueries.impl.ts:508:26)[39m
[31m    at async UpdateBookingStatusCronUseCase.execute (D:\Projects\BrocamP\Projects\Personal Projects\21. Slotflow\Slotflow-Main-Backend\src\application\useCases\cronJob\updateBookingStatus.useCase.ts:11:45)[39m
[2025-12-28 22:32:54] [[31merror[39m]: [31mUpdateSubscriptionStatusUseCase failed[39m
[31mconnect ECONNREFUSED ::1:27017, connect ECONNREFUSED 127.0.0.1:27017[39m
[31mMongoServerSelectionError: connect ECONNREFUSED ::1:27017, connect ECONNREFUSED 127.0.0.1:27017[39m
[31m    at Topology.selectServer (D:\Projects\BrocamP\Projects\Personal Projects\21. Slotflow\Slotflow-Main-Backend\node_modules\mongodb\src\sdam\topology.ts:626:30)[39m
[31m    at async tryOperation (D:\Projects\BrocamP\Projects\Personal Projects\21. Slotflow\Slotflow-Main-Backend\node_modules\mongodb\src\operations\execute_operation.ts:201:16)[39m
[31m    at async executeOperation (D:\Projects\BrocamP\Projects\Personal Projects\21. Slotflow\Slotflow-Main-Backend\node_modules\mongodb\src\operations\execute_operation.ts:115:12)[39m
[31m    at async Collection.updateMany (D:\Projects\BrocamP\Projects\Personal Projects\21. Slotflow\Slotflow-Main-Backend\node_modules\mongodb\src\collection.ts:420:12)[39m
[31m    at async model.Query.exec (D:\Projects\BrocamP\Projects\Personal Projects\21. Slotflow\Slotflow-Main-Backend\node_modules\mongoose\lib\query.js:4456:63)[39m
[31m    at async SubscriptionQueriesImpl.findSubscriptionsForUpdatinStatus (D:\Projects\BrocamP\Projects\Personal Projects\21. Slotflow\Slotflow-Main-Backend\src\infrastructure\queries\subscriptionQueries.impl.ts:187:25)[39m
[31m    at async UpdateSubscriptionStatusUseCase.execute (D:\Projects\BrocamP\Projects\Personal Projects\21. Slotflow\Slotflow-Main-Backend\src\application\useCases\cronJob\updateSubscriptionStatus.useCase.ts:11:42)[39m
[31m    at async Timeout._onTimeout (D:\Projects\BrocamP\Projects\Personal Projects\21. Slotflow\Slotflow-Main-Backend\src\infrastructure\cron-jobs\updateSubscriptionStatusCron.ts:19:20)[39m
[2025-12-28 22:32:54] [[31merror[39m]: [31m[INTERVAL ERROR in subscription status update]:[39m
[31mconnect ECONNREFUSED ::1:27017, connect ECONNREFUSED 127.0.0.1:27017[39m
[31mMongoServerSelectionError: connect ECONNREFUSED ::1:27017, connect ECONNREFUSED 127.0.0.1:27017[39m
[31m    at Topology.selectServer (D:\Projects\BrocamP\Projects\Personal Projects\21. Slotflow\Slotflow-Main-Backend\node_modules\mongodb\src\sdam\topology.ts:626:30)[39m
[31m    at async tryOperation (D:\Projects\BrocamP\Projects\Personal Projects\21. Slotflow\Slotflow-Main-Backend\node_modules\mongodb\src\operations\execute_operation.ts:201:16)[39m
[31m    at async executeOperation (D:\Projects\BrocamP\Projects\Personal Projects\21. Slotflow\Slotflow-Main-Backend\node_modules\mongodb\src\operations\execute_operation.ts:115:12)[39m
[31m    at async Collection.updateMany (D:\Projects\BrocamP\Projects\Personal Projects\21. Slotflow\Slotflow-Main-Backend\node_modules\mongodb\src\collection.ts:420:12)[39m
[31m    at async model.Query.exec (D:\Projects\BrocamP\Projects\Personal Projects\21. Slotflow\Slotflow-Main-Backend\node_modules\mongoose\lib\query.js:4456:63)[39m
[31m    at async SubscriptionQueriesImpl.findSubscriptionsForUpdatinStatus (D:\Projects\BrocamP\Projects\Personal Projects\21. Slotflow\Slotflow-Main-Backend\src\infrastructure\queries\subscriptionQueries.impl.ts:187:25)[39m
[31m    at async UpdateSubscriptionStatusUseCase.execute (D:\Projects\BrocamP\Projects\Personal Projects\21. Slotflow\Slotflow-Main-Backend\src\application\useCases\cronJob\updateSubscriptionStatus.useCase.ts:11:42)[39m
[31m    at async Timeout._onTimeout (D:\Projects\BrocamP\Projects\Personal Projects\21. Slotflow\Slotflow-Main-Backend\src\infrastructure\cron-jobs\updateSubscriptionStatusCron.ts:19:20)[39m
[2025-12-29 15:56:58] [[31merror[39m]: [31m⚙️ Kafka Admin connected[39m
[2025-12-29 15:56:59] [[32minfo[39m]: [32m📌 Kafka Topics created:[39m
[2025-12-29 15:56:59] [[32minfo[39m]: [32m❎ Kafka Admin disconnected[39m
[2025-12-29 15:56:59] [[32minfo[39m]: [32m🚀 Kafka Producer connected[39m
[2025-12-29 16:21:06] [[31merror[39m]: [31m⚙️ Kafka Admin connected[39m
[2025-12-29 16:21:06] [[32minfo[39m]: [32m📌 Kafka Topics created:[39m
[2025-12-29 16:21:06] [[32minfo[39m]: [32m❎ Kafka Admin disconnected[39m
[2025-12-29 16:21:06] [[32minfo[39m]: [32m🚀 Kafka Producer connected[39m
[2025-12-29 16:21:46] [[31merror[39m]: [31mLoginUseCase failed[39m
[31mInvalid credentials[39m
[31mError: Invalid credentials[39m
[31m    at LoginUseCase.execute (D:\Projects\BrocamP\Projects\Personal Projects\21. Slotflow\Slotflow-Main-Backend\src\application\useCases\auth\login.useCase.ts:33:34)[39m
[31m    at process.processTicksAndRejections (node:internal/process/task_queues:105:5)[39m
[31m    at async AuthController.login (D:\Projects\BrocamP\Projects\Personal Projects\21. Slotflow\Slotflow-Main-Backend\src\presentation\auth\auth.controller.ts:109:22)[39m
[2025-12-29 16:21:46] [[31merror[39m]: [31mlogin failed[39m
[31mInvalid credentials[39m
[31mError: Invalid credentials[39m
[31m    at LoginUseCase.execute (D:\Projects\BrocamP\Projects\Personal Projects\21. Slotflow\Slotflow-Main-Backend\src\application\useCases\auth\login.useCase.ts:33:34)[39m
[31m    at process.processTicksAndRejections (node:internal/process/task_queues:105:5)[39m
[31m    at async AuthController.login (D:\Projects\BrocamP\Projects\Personal Projects\21. Slotflow\Slotflow-Main-Backend\src\presentation\auth\auth.controller.ts:109:22)[39m
[2025-12-29 16:21:56] [[31merror[39m]: [31mLoginUseCase failed[39m
[31mProducer not connected[39m
[31mError: Producer not connected[39m
[31m    at KafkaClientAdapter.getProducer (D:\Projects\BrocamP\Projects\Personal Projects\21. Slotflow\Slotflow-Main-Backend\src\infrastructure\messaging\kafka.ts:53:31)[39m
[31m    at KafkaServiceImpl.send (D:\Projects\BrocamP\Projects\Personal Projects\21. Slotflow\Slotflow-Main-Backend\src\infrastructure\services\kafkaService.impl.ts:12:50)[39m
[31m    at LoginUseCase.execute (D:\Projects\BrocamP\Projects\Personal Projects\21. Slotflow\Slotflow-Main-Backend\src\application\useCases\auth\login.useCase.ts:48:41)[39m
[31m    at process.processTicksAndRejections (node:internal/process/task_queues:105:5)[39m
[31m    at async AuthController.login (D:\Projects\BrocamP\Projects\Personal Projects\21. Slotflow\Slotflow-Main-Backend\src\presentation\auth\auth.controller.ts:109:22)[39m
[2025-12-29 16:21:56] [[31merror[39m]: [31mlogin failed[39m
[31mProducer not connected[39m
[31mError: Producer not connected[39m
[31m    at KafkaClientAdapter.getProducer (D:\Projects\BrocamP\Projects\Personal Projects\21. Slotflow\Slotflow-Main-Backend\src\infrastructure\messaging\kafka.ts:53:31)[39m
[31m    at KafkaServiceImpl.send (D:\Projects\BrocamP\Projects\Personal Projects\21. Slotflow\Slotflow-Main-Backend\src\infrastructure\services\kafkaService.impl.ts:12:50)[39m
[31m    at LoginUseCase.execute (D:\Projects\BrocamP\Projects\Personal Projects\21. Slotflow\Slotflow-Main-Backend\src\application\useCases\auth\login.useCase.ts:48:41)[39m
[31m    at process.processTicksAndRejections (node:internal/process/task_queues:105:5)[39m
[31m    at async AuthController.login (D:\Projects\BrocamP\Projects\Personal Projects\21. Slotflow\Slotflow-Main-Backend\src\presentation\auth\auth.controller.ts:109:22)[39m
[2025-12-29 16:23:25] [[32minfo[39m]: [32m⚙️ Kafka Admin connected[39m
[2025-12-29 16:23:25] [[32minfo[39m]: [32m📌 Kafka Topics created:[39m
[2025-12-29 16:23:25] [[32minfo[39m]: [32m❎ Kafka Admin disconnected[39m
[2025-12-29 16:23:25] [[32minfo[39m]: [32m🚀 Kafka Producer connected[39m
[2025-12-29 16:24:29] [[32minfo[39m]: [32m⚙️ Kafka Admin connected[39m
[2025-12-29 16:24:30] [[32minfo[39m]: [32m📌 Kafka Topics created:[39m
[2025-12-29 16:24:30] [[32minfo[39m]: [32m❎ Kafka Admin disconnected[39m
[2025-12-29 16:24:30] [[32minfo[39m]: [32m🚀 Kafka Producer connected[39m
[2025-12-29 16:24:53] [[32minfo[39m]: [32m⚙️ Kafka Admin connected[39m
[2025-12-29 16:24:53] [[32minfo[39m]: [32m📌 Kafka Topics created:[39m
[2025-12-29 16:24:53] [[32minfo[39m]: [32m❎ Kafka Admin disconnected[39m
[2025-12-29 16:24:53] [[32minfo[39m]: [32m🚀 Kafka Producer connected[39m
[2025-12-29 16:25:14] [[32minfo[39m]: [32m⚙️ Kafka Admin connected[39m
[2025-12-29 16:25:14] [[32minfo[39m]: [32m📌 Kafka Topics created:[39m
[2025-12-29 16:25:14] [[32minfo[39m]: [32m❎ Kafka Admin disconnected[39m
[2025-12-29 16:25:15] [[32minfo[39m]: [32m🚀 Kafka Producer connected[39m
[2025-12-29 16:27:13] [[32minfo[39m]: [32m⚙️ Kafka Admin connected[39m
[2025-12-29 16:27:13] [[32minfo[39m]: [32m📌 Kafka Topics created:[39m
[2025-12-29 16:27:13] [[32minfo[39m]: [32m❎ Kafka Admin disconnected[39m
[2025-12-29 16:27:13] [[32minfo[39m]: [32m🚀 Kafka Producer connected[39m
[2025-12-29 16:28:33] [[32minfo[39m]: [32m⚙️ Kafka Admin connected[39m
[2025-12-29 16:28:34] [[32minfo[39m]: [32m📌 Kafka Topics created:[39m
[2025-12-29 16:28:34] [[32minfo[39m]: [32m❎ Kafka Admin disconnected[39m
[2025-12-29 16:28:34] [[32minfo[39m]: [32m🚀 Kafka Producer connected[39m
[2025-12-29 18:57:09] [[32minfo[39m]: [32m⚙️ Kafka Admin connected[39m
[2025-12-29 19:10:05] [[32minfo[39m]: [32m⚙️ Kafka Admin connected[39m
[2025-12-29 19:11:37] [[32minfo[39m]: [32m⚙️ Kafka Admin connected[39m
[2025-12-29 19:11:50] [[32minfo[39m]: [32m⚙️ Kafka Admin connected[39m
[2025-12-29 19:12:12] [[32minfo[39m]: [32m⚙️ Kafka Admin connected[39m
[2025-12-29 19:12:12] [[32minfo[39m]: [32m📌 Kafka Topics created:[39m
[2025-12-29 19:12:12] [[32minfo[39m]: [32m❎ Kafka Admin disconnected[39m
[2025-12-29 19:12:12] [[32minfo[39m]: [32m🚀 Kafka Producer connected[39m
[2025-12-29 19:13:59] [[32minfo[39m]: [32m⚙️ Kafka Admin connected[39m
[2025-12-29 19:13:59] [[32minfo[39m]: [32m📌 Kafka Topics created:[39m
[2025-12-29 19:13:59] [[32minfo[39m]: [32m❎ Kafka Admin disconnected[39m
[2025-12-29 19:13:59] [[32minfo[39m]: [32m🚀 Kafka Producer connected[39m
[2025-12-29 19:14:06] [[32minfo[39m]: [32m⚙️ Kafka Admin connected[39m
[2025-12-29 19:14:06] [[32minfo[39m]: [32m📌 Kafka Topics created:[39m
[2025-12-29 19:14:06] [[32minfo[39m]: [32m❎ Kafka Admin disconnected[39m
[2025-12-29 19:14:07] [[32minfo[39m]: [32m🚀 Kafka Producer connected[39m
[2025-12-29 22:55:16] [[32minfo[39m]: [32mKafka Admin connected[39m
[2025-12-29 22:55:16] [[32minfo[39m]: [32mKafka Topics created:[39m
[2025-12-29 22:55:16] [[32minfo[39m]: [32mKafka Admin disconnected[39m
[2025-12-29 22:55:16] [[32minfo[39m]: [32mKafka Producer connected[39m
[2025-12-29 22:55:16] [[32minfo[39m]: [32mKafka Consumer connected (group: notification-group)[39m
[2025-12-29 23:05:00] [[32minfo[39m]: [32mKafka Admin connected[39m
[2025-12-29 23:05:00] [[32minfo[39m]: [32mKafka Topics created:[39m
[2025-12-29 23:05:00] [[32minfo[39m]: [32mKafka Admin disconnected[39m
[2025-12-29 23:05:00] [[32minfo[39m]: [32mKafka Producer connected[39m
[2025-12-29 23:05:00] [[32minfo[39m]: [32mKafka Consumer connected (group: notification-group)[39m
[2025-12-29 23:05:30] [[32minfo[39m]: [32mKafka Admin connected[39m
[2025-12-29 23:05:30] [[32minfo[39m]: [32mKafka Topics created:[39m
[2025-12-29 23:05:30] [[32minfo[39m]: [32mKafka Admin disconnected[39m
[2025-12-29 23:05:30] [[32minfo[39m]: [32mKafka Producer connected[39m
[2025-12-29 23:05:30] [[32minfo[39m]: [32mKafka Consumer connected (group: notification-group)[39m
[2025-12-29 23:06:07] [[32minfo[39m]: [32mKafka Admin connected[39m
[2025-12-29 23:06:07] [[32minfo[39m]: [32mKafka Topics created:[39m
[2025-12-29 23:06:07] [[32minfo[39m]: [32mKafka Admin disconnected[39m
[2025-12-29 23:06:07] [[32minfo[39m]: [32mKafka Producer connected[39m
[2025-12-29 23:06:07] [[32minfo[39m]: [32mKafka Consumer connected (group: notification-group)[39m
[2025-12-29 23:06:16] [[32minfo[39m]: [32mKafka Admin connected[39m
[2025-12-29 23:06:16] [[32minfo[39m]: [32mKafka Topics created:[39m
[2025-12-29 23:06:16] [[32minfo[39m]: [32mKafka Admin disconnected[39m
[2025-12-29 23:06:16] [[32minfo[39m]: [32mKafka Producer connected[39m
[2025-12-29 23:06:16] [[32minfo[39m]: [32mKafka Consumer connected (group: notification-group)[39m
[2025-12-29 23:06:23] [[32minfo[39m]: [32mKafka Admin connected[39m
[2025-12-29 23:06:23] [[32minfo[39m]: [32mKafka Topics created:[39m
[2025-12-29 23:06:23] [[32minfo[39m]: [32mKafka Admin disconnected[39m
[2025-12-29 23:06:23] [[32minfo[39m]: [32mKafka Producer connected[39m
[2025-12-29 23:06:23] [[32minfo[39m]: [32mKafka Consumer connected (group: notification-group)[39m
[2025-12-29 23:06:33] [[32minfo[39m]: [32mKafka Admin connected[39m
[2025-12-29 23:06:33] [[32minfo[39m]: [32mKafka Topics created:[39m
[2025-12-29 23:06:33] [[32minfo[39m]: [32mKafka Admin disconnected[39m
[2025-12-29 23:06:33] [[32minfo[39m]: [32mKafka Producer connected[39m
[2025-12-29 23:06:33] [[32minfo[39m]: [32mKafka Consumer connected (group: notification-group)[39m
[2025-12-29 23:07:15] [[32minfo[39m]: [32mKafka Admin connected[39m
[2025-12-29 23:07:15] [[32minfo[39m]: [32mKafka Topics created:[39m
[2025-12-29 23:07:15] [[32minfo[39m]: [32mKafka Admin disconnected[39m
[2025-12-29 23:07:15] [[32minfo[39m]: [32mKafka Producer connected[39m
[2025-12-29 23:07:15] [[32minfo[39m]: [32mKafka Consumer connected (group: notification-group)[39m
[2025-12-29 23:08:53] [[32minfo[39m]: [32mKafka Admin connected[39m
[2025-12-29 23:08:53] [[32minfo[39m]: [32mKafka Topics created:[39m
[2025-12-29 23:08:53] [[32minfo[39m]: [32mKafka Admin disconnected[39m
[2025-12-29 23:08:53] [[32minfo[39m]: [32mKafka Producer connected[39m
[2025-12-29 23:08:53] [[32minfo[39m]: [32mKafka Consumer connected (group: notification-group)[39m
[2025-12-30 01:21:17] [[32minfo[39m]: [32mKafka Admin connected[39m
[2025-12-30 01:21:18] [[32minfo[39m]: [32mKafka Topics created:[39m
[2025-12-30 01:21:18] [[32minfo[39m]: [32mKafka Admin disconnected[39m
[2025-12-30 01:21:18] [[32minfo[39m]: [32mKafka Producer connected[39m
[2025-12-30 01:21:18] [[32minfo[39m]: [32mKafka Consumer connected (group: notification-group)[39m
[2025-12-30 01:29:54] [[32minfo[39m]: [32mKafka Admin connected[39m
[2025-12-30 01:29:54] [[32minfo[39m]: [32mKafka Topics created:[39m
[2025-12-30 01:29:54] [[32minfo[39m]: [32mKafka Admin disconnected[39m
[2025-12-30 01:29:54] [[32minfo[39m]: [32mKafka Producer connected[39m
[2025-12-30 01:29:54] [[32minfo[39m]: [32mKafka Consumer connected (group: notification-group)[39m
